# UPTIME
20:04:11 up 0 min, 1 user, load average: 0,85, 0,23, 0,08


# CURRENT USERS
maryan 


# LAST USERS
maryan   :0           Thu Mar 25 20:03   still logged in
reboot   system boot  Thu Mar 25 20:03   still running
maryan   :0           Thu Mar 25 20:02 - 20:03  (00:00)
reboot   system boot  Wed Mar 24 18:57   still running

wtmp begins Tue Mar 23 12:17:58 2021


# TOP-10 processes by RAM usage
USER       PID  PPID CMD                         %MMEM %MCPU
maryan    1186  1026 /usr/bin/gnome-shell        12.9 18.8
maryan    1019  1017 /usr/lib/xorg/Xorg vt1 -dis  6.1  3.8
maryan    1474   999 /usr/lib/evolution/evolutio  3.3  1.5
maryan    1492  1474 /usr/lib/evolution/evolutio  3.0  1.2
maryan    1419  1026 nautilus-desktop             3.0  4.5
maryan    1472   999 /usr/bin/nautilus --gapplic  2.4  4.9
root       683     1 /usr/lib/snapd/snapd         2.0 25.2
maryan    1554   999 /usr/lib/gnome-terminal/gno  1.7  3.4
maryan    1265   999 /usr/lib/gnome-online-accou  1.6  0.3


# TOP-10 processes by CPU usage
USER       PID  PPID CMD                         %MEM %CPU
root       683     1 /usr/lib/snapd/snapd         2.0 25.2
maryan    1186  1026 /usr/bin/gnome-shell        12.9 18.8
maryan    1472   999 /usr/bin/nautilus --gapplic  2.4  4.9
maryan    1419  1026 nautilus-desktop             3.0  4.5
maryan    1019  1017 /usr/lib/xorg/Xorg vt1 -dis  6.1  3.8
maryan    1554   999 /usr/lib/gnome-terminal/gno  1.7  3.4
root         1     0 /sbin/init splash            0.4  2.7
maryan    1474   999 /usr/lib/evolution/evolutio  3.3  1.5
root       170     2 [kworker/0:1H]               0.0  1.4


# Open TCP/UDP ports
COMMAND   PID            USER   FD   TYPE DEVICE SIZE/OFF NODE NAME
systemd-r 496 systemd-resolve   12u  IPv4  14951      0t0  UDP 127.0.0.53:53 
systemd-r 496 systemd-resolve   13u  IPv4  14952      0t0  TCP 127.0.0.53:53 (LISTEN)
avahi-dae 655           avahi   12u  IPv4  16536      0t0  UDP *:5353 
avahi-dae 655           avahi   13u  IPv6  16537      0t0  UDP *:5353 
avahi-dae 655           avahi   14u  IPv4  16538      0t0  UDP *:60787 
avahi-dae 655           avahi   15u  IPv6  16539      0t0  UDP *:47706 
cupsd     669            root    6u  IPv6  18572      0t0  TCP [::1]:631 (LISTEN)
cupsd     669            root    7u  IPv4  18573      0t0  TCP 127.0.0.1:631 (LISTEN)
snapd     683            root   16u  IPv4  19671      0t0  TCP 10.0.2.15:54416->91.189.91.42:443 (ESTABLISHED)
snapd     683            root   17u  IPv4  19674      0t0  TCP 10.0.2.15:60896->91.189.88.179:443 (ESTABLISHED)
snapd     683            root   18u  IPv4  19675      0t0  TCP 10.0.2.15:60898->91.189.88.179:443 (ESTABLISHED)
cups-brow 694            root    7u  IPv4  18765      0t0  UDP *:631 
dhclient  751            root    6u  IPv4  18924      0t0  UDP *:68 


# Virtual Memory usage
              total        used        free      shared  buff/cache   available
Mem:        2040968      630432      582268       40864      828268     1214336
Swap:        483800           0      483800


# Usage of disk space
Filesystem      Size  Used Avail Use% Mounted on
udev            975M     0  975M   0% /dev
tmpfs           200M  1,3M  199M   1% /run
/dev/sda1       9,8G  6,7G  2,7G  72% /
tmpfs           997M     0  997M   0% /dev/shm
tmpfs           5,0M  4,0K  5,0M   1% /run/lock
tmpfs           997M     0  997M   0% /sys/fs/cgroup
/dev/loop1      100M  100M     0 100% /snap/core/10908
/dev/loop2      1,7M  1,7M     0 100% /snap/gnome-calculator/154
/dev/loop3      2,5M  2,5M     0 100% /snap/gnome-calculator/884
/dev/loop4       87M   87M     0 100% /snap/core/4486
/dev/loop5      2,3M  2,3M     0 100% /snap/gnome-system-monitor/157
/dev/loop6       56M   56M     0 100% /snap/core18/1988
/dev/loop7      141M  141M     0 100% /snap/gnome-3-26-1604/59
/dev/loop8      640K  640K     0 100% /snap/gnome-logs/103
/dev/loop9       21M   21M     0 100% /snap/gnome-logs/25
/dev/loop10     3,4M  3,4M     0 100% /snap/gnome-system-monitor/36
/dev/loop11     384K  384K     0 100% /snap/gnome-characters/570
/dev/loop0       13M   13M     0 100% /snap/gnome-characters/69
Shared          219G   97G  122G  45% /mnt/Shared
tmpfs           200M   28K  200M   1% /run/user/1000
/dev/sr0         59M   59M     0 100% /media/maryan/VBox_GAs_6.1.16


